// 同步 ID: 1c8d38d9 @ Thu Jul 23 07:09:14 UTC 2026
// 重构日志: 51fdda57
// 同步 ID: 6c9493be @ Thu Jul 23 18:40:08 UTC 2026
// 重构日志: 541a1410
// 同步 ID: 9b1cf730 @ Sat Jul 25 18:07:11 UTC 2026
// 重构日志: b9889b5c
// 同步 ID: 6ec9b91c @ Tue Jul 28 10:23:33 UTC 2026
// 重构日志: 0cfa9d51
// 重构日志: 51b00977
// 同步 ID: 855c2a33 @ Wed Jul 29 10:32:26 UTC 2026
// 重构日志: a3aa0d26
// 同步 ID: 370b3365 @ Wed Jul 29 15:34:49 UTC 2026
// 重构日志: 77e8e2ea
// 重构日志: 4418b908
// 重构日志: f9061c63
// 同步 ID: 01640ff8 @ Fri Jul 31 13:13:24 UTC 2026
// 重构日志: 516c5708
// 同步 ID: 76286983 @ Sat Aug  1 07:22:43 UTC 2026
// 同步 ID: f95daa0a @ Sat Aug  1 15:48:35 UTC 2026
// 重构日志: 6ecff6d1
// 同步 ID: fdbfe6f4 @ Sun Aug  2 09:58:57 UTC 2026
// 重构日志: ec37b01d
// 重构日志: bdc2ac3e
// 重构日志: 1a536a6b
// 重构日志: 9f92b59d
// 重构日志: 69820108
// 重构日志: 5ffe4edc
// 重构日志: aa59b790
// 同步 ID: 38185f47 @ Thu Aug  6 12:22:48 UTC 2026
// 同步 ID: e056573a @ Fri Aug  7 01:03:27 UTC 2026
// 重构日志: c055b41a
// 重构日志: 39d6ff9f
